[INFO] 持续运行模式启动 (PID=82994)
[INFO] 运行窗口: 9:00 - 16:00
[INFO] 轮询间隔: 300s

[09:04:45] 执行检测...
[INFO] 当前自选股: 0 只
[WARN] 无历史快照，将当前列表作为基线
[INFO] 下次检测: 09:09:45

[09:09:46] 执行检测...
[INFO] 当前自选股: 0 只
[WARN] 无历史快照，将当前列表作为基线
[INFO] 下次检测: 09:14:46

[09:14:46] 执行检测...
[INFO] 当前自选股: 0 只
[WARN] 无历史快照，将当前列表作为基线
[INFO] 下次检测: 09:19:46

[09:19:47] 执行检测...
[INFO] 当前自选股: 0 只
[WARN] 无历史快照，将当前列表作为基线
[INFO] 下次检测: 09:24:47

[09:24:48] 执行检测...
[INFO] 当前自选股: 0 只
[WARN] 无历史快照，将当前列表作为基线
[INFO] 下次检测: 09:29:48

[09:29:49] 执行检测...
[INFO] 当前自选股: 0 只
[WARN] 无历史快照，将当前列表作为基线
[INFO] 下次检测: 09:34:49

[09:34:49] 执行检测...
[INFO] 当前自选股: 0 只
[WARN] 无历史快照，将当前列表作为基线
[INFO] 下次检测: 09:39:49
[WARN] 瞬态网络故障: 验证请求失败: <urlopen error _ssl.c:1015: The handshake operation timed out>，120秒后重试...

[09:42:07] 执行检测...
[INFO] 当前自选股: 0 只
[WARN] 无历史快照，将当前列表作为基线
[INFO] 下次检测: 09:47:07

[09:47:08] 执行检测...
[INFO] 当前自选股: 0 只
[WARN] 无历史快照，将当前列表作为基线
[INFO] 下次检测: 09:52:08

[09:52:09] 执行检测...
[INFO] 当前自选股: 0 只
[WARN] 无历史快照，将当前列表作为基线
[INFO] 下次检测: 09:57:09

[09:57:10] 执行检测...
[INFO] 当前自选股: 0 只
[WARN] 无历史快照，将当前列表作为基线
[INFO] 下次检测: 10:02:10

[10:02:10] 执行检测...
[INFO] 当前自选股: 0 只
[WARN] 无历史快照，将当前列表作为基线
[INFO] 下次检测: 10:07:10

[10:07:11] 执行检测...
[INFO] 当前自选股: 0 只
[WARN] 无历史快照，将当前列表作为基线
[INFO] 下次检测: 10:12:11

[10:12:12] 执行检测...
[INFO] 当前自选股: 0 只
[WARN] 无历史快照，将当前列表作为基线
[INFO] 下次检测: 10:17:12

[10:17:13] 执行检测...
[INFO] 当前自选股: 0 只
[WARN] 无历史快照，将当前列表作为基线
[INFO] 下次检测: 10:22:13

[10:22:13] 执行检测...
[INFO] 当前自选股: 0 只
[WARN] 无历史快照，将当前列表作为基线
[INFO] 下次检测: 10:27:13

[10:27:14] 执行检测...
[INFO] 当前自选股: 0 只
[WARN] 无历史快照，将当前列表作为基线
[INFO] 下次检测: 10:32:14

[10:32:15] 执行检测...
[INFO] 当前自选股: 0 只
[WARN] 无历史快照，将当前列表作为基线
[INFO] 下次检测: 10:37:15

[10:37:15] 执行检测...
[INFO] 当前自选股: 0 只
[WARN] 无历史快照，将当前列表作为基线
[INFO] 下次检测: 10:42:15

[10:42:16] 执行检测...
[INFO] 当前自选股: 0 只
[WARN] 无历史快照，将当前列表作为基线
[INFO] 下次检测: 10:47:16

[10:47:17] 执行检测...
[INFO] 当前自选股: 0 只
[WARN] 无历史快照，将当前列表作为基线
[INFO] 下次检测: 10:52:17

[10:52:17] 执行检测...
[INFO] 当前自选股: 0 只
[WARN] 无历史快照，将当前列表作为基线
[INFO] 下次检测: 10:57:17

[10:57:18] 执行检测...
[INFO] 当前自选股: 0 只
[WARN] 无历史快照，将当前列表作为基线
[INFO] 下次检测: 11:02:18

[11:02:19] 执行检测...
[INFO] 当前自选股: 0 只
[WARN] 无历史快照，将当前列表作为基线
[INFO] 下次检测: 11:07:19

[11:07:19] 执行检测...
[INFO] 当前自选股: 0 只
[WARN] 无历史快照，将当前列表作为基线
[INFO] 下次检测: 11:12:19

[11:12:20] 执行检测...
[INFO] 当前自选股: 0 只
[WARN] 无历史快照，将当前列表作为基线
[INFO] 下次检测: 11:17:20

[11:17:21] 执行检测...
[INFO] 当前自选股: 0 只
[WARN] 无历史快照，将当前列表作为基线
[INFO] 下次检测: 11:22:21

[11:22:21] 执行检测...
[INFO] 当前自选股: 0 只
[WARN] 无历史快照，将当前列表作为基线
[INFO] 下次检测: 11:27:21

[11:27:22] 执行检测...
[INFO] 当前自选股: 0 只
[WARN] 无历史快照，将当前列表作为基线
[INFO] 下次检测: 11:32:22

[11:32:23] 执行检测...
[INFO] 当前自选股: 0 只
[WARN] 无历史快照，将当前列表作为基线
[INFO] 下次检测: 11:37:23
[WARN] 瞬态网络故障: 验证请求失败: <urlopen error [Errno 8] nodename nor servname provided, or not known>，120秒后重试...
[WARN] 瞬态网络故障: 验证请求失败: <urlopen error [Errno 8] nodename nor servname provided, or not known>，120秒后重试...
[WARN] 瞬态网络故障: 验证请求失败: <urlopen error [Errno 8] nodename nor servname provided, or not known>，120秒后重试...
[WARN] 瞬态网络故障: 验证请求失败: <urlopen error [Errno 8] nodename nor servname provided, or not known>，120秒后重试...
[WARN] 瞬态网络故障: 验证请求失败: <urlopen error [Errno 8] nodename nor servname provided, or not known>，120秒后重试...
[WARN] 瞬态网络故障: 验证请求失败: <urlopen error [Errno 8] nodename nor servname provided, or not known>，120秒后重试...
[WARN] 瞬态网络故障: 验证请求失败: <urlopen error [Errno 8] nodename nor servname provided, or not known>，120秒后重试...
[WARN] 瞬态网络故障: 验证请求失败: <urlopen error [Errno 8] nodename nor servname provided, or not known>，120秒后重试...
[WARN] 瞬态网络故障: 验证请求失败: <urlopen error [Errno 8] nodename nor servname provided, or not known>，120秒后重试...
[WARN] 瞬态网络故障: 验证请求失败: <urlopen error [Errno 8] nodename nor servname provided, or not known>，120秒后重试...
[WARN] 瞬态网络故障: 验证请求失败: <urlopen error [Errno 8] nodename nor servname provided, or not known>，120秒后重试...
[WARN] 瞬态网络故障: 验证请求失败: <urlopen error [Errno 8] nodename nor servname provided, or not known>，120秒后重试...
[WARN] 瞬态网络故障: 验证请求失败: <urlopen error [Errno 8] nodename nor servname provided, or not known>，120秒后重试...
[WARN] 瞬态网络故障: 验证请求失败: <urlopen error [Errno 8] nodename nor servname provided, or not known>，120秒后重试...
[WARN] 瞬态网络故障: 验证请求失败: <urlopen error [Errno 8] nodename nor servname provided, or not known>，120秒后重试...
[WARN] 瞬态网络故障: 验证请求失败: <urlopen error [Errno 8] nodename nor servname provided, or not known>，120秒后重试...
[WARN] 瞬态网络故障: 验证请求失败: <urlopen error [Errno 8] nodename nor servname provided, or not known>，120秒后重试...
[WARN] 瞬态网络故障: 验证请求失败: <urlopen error [Errno 8] nodename nor servname provided, or not known>，120秒后重试...
[WARN] 瞬态网络故障: 验证请求失败: <urlopen error [Errno 8] nodename nor servname provided, or not known>，120秒后重试...
[WARN] 瞬态网络故障: 验证请求失败: <urlopen error [Errno 8] nodename nor servname provided, or not known>，120秒后重试...
[WARN] 瞬态网络故障: 验证请求失败: <urlopen error [Errno 8] nodename nor servname provided, or not known>，120秒后重试...
[WARN] 瞬态网络故障: 验证请求失败: <urlopen error [Errno 8] nodename nor servname provided, or not known>，120秒后重试...
[WARN] 瞬态网络故障: 验证请求失败: <urlopen error [Errno 8] nodename nor servname provided, or not known>，120秒后重试...
[WARN] 瞬态网络故障: 验证请求失败: <urlopen error [Errno 8] nodename nor servname provided, or not known>，120秒后重试...
[WARN] 瞬态网络故障: 验证请求失败: <urlopen error [Errno 8] nodename nor servname provided, or not known>，120秒后重试...
[WARN] 瞬态网络故障: 验证请求失败: <urlopen error [Errno 8] nodename nor servname provided, or not known>，120秒后重试...
[WARN] 瞬态网络故障: 验证请求失败: <urlopen error [Errno 8] nodename nor servname provided, or not known>，120秒后重试...
[WARN] 瞬态网络故障: 验证请求失败: <urlopen error [Errno 8] nodename nor servname provided, or not known>，120秒后重试...
[WARN] 瞬态网络故障: 验证请求失败: <urlopen error [Errno 8] nodename nor servname provided, or not known>，120秒后重试...

[13:32:36] 执行检测...
[INFO] 当前自选股: 0 只
[WARN] 无历史快照，将当前列表作为基线
[INFO] 下次检测: 13:37:36

[13:37:36] 执行检测...
[INFO] 当前自选股: 0 只
[WARN] 无历史快照，将当前列表作为基线
[INFO] 下次检测: 13:42:36

[13:42:37] 执行检测...
[INFO] 当前自选股: 0 只
[WARN] 无历史快照，将当前列表作为基线
[INFO] 下次检测: 13:47:37

[13:47:38] 执行检测...
[INFO] 当前自选股: 0 只
[WARN] 无历史快照，将当前列表作为基线
[INFO] 下次检测: 13:52:38

[13:52:39] 执行检测...
[INFO] 当前自选股: 0 只
[WARN] 无历史快照，将当前列表作为基线
[INFO] 下次检测: 13:57:39

[13:57:39] 执行检测...
[INFO] 当前自选股: 0 只
[WARN] 无历史快照，将当前列表作为基线
[INFO] 下次检测: 14:02:39

[14:02:40] 执行检测...
[INFO] 当前自选股: 0 只
[WARN] 无历史快照，将当前列表作为基线
[INFO] 下次检测: 14:07:40

[14:07:40] 执行检测...
[INFO] 当前自选股: 0 只
[WARN] 无历史快照，将当前列表作为基线
[INFO] 下次检测: 14:12:40

[14:12:51] 执行检测...
[INFO] 当前自选股: 0 只
[WARN] 无历史快照，将当前列表作为基线
[INFO] 下次检测: 14:17:51
[WARN] 瞬态网络故障: 验证请求失败: <urlopen error [Errno 8] nodename nor servname provided, or not known>，120秒后重试...
[WARN] 瞬态网络故障: 验证请求失败: <urlopen error [Errno 8] nodename nor servname provided, or not known>，120秒后重试...
[WARN] 瞬态网络故障: 验证请求失败: <urlopen error [Errno 8] nodename nor servname provided, or not known>，120秒后重试...
[WARN] 瞬态网络故障: 验证请求失败: <urlopen error [Errno 8] nodename nor servname provided, or not known>，120秒后重试...
[WARN] 瞬态网络故障: 验证请求失败: <urlopen error [Errno 8] nodename nor servname provided, or not known>，120秒后重试...
[WARN] 瞬态网络故障: 验证请求失败: <urlopen error [Errno 8] nodename nor servname provided, or not known>，120秒后重试...
[WARN] 瞬态网络故障: 验证请求失败: <urlopen error [Errno 8] nodename nor servname provided, or not known>，120秒后重试...
[WARN] 瞬态网络故障: 验证请求失败: <urlopen error [Errno 8] nodename nor servname provided, or not known>，120秒后重试...
[WARN] 瞬态网络故障: 验证请求失败: <urlopen error [Errno 8] nodename nor servname provided, or not known>，120秒后重试...
[WARN] 瞬态网络故障: 验证请求失败: <urlopen error [Errno 8] nodename nor servname provided, or not known>，120秒后重试...
[WARN] 瞬态网络故障: 验证请求失败: <urlopen error [Errno 8] nodename nor servname provided, or not known>，120秒后重试...

[14:39:56] 执行检测...
[INFO] 当前自选股: 0 只
[WARN] 无历史快照，将当前列表作为基线
[INFO] 下次检测: 14:44:56

[14:44:57] 执行检测...
[INFO] 当前自选股: 0 只
[WARN] 无历史快照，将当前列表作为基线
[INFO] 下次检测: 14:49:57

[14:49:57] 执行检测...
[INFO] 当前自选股: 0 只
[WARN] 无历史快照，将当前列表作为基线
[INFO] 下次检测: 14:54:57

[14:54:58] 执行检测...
[INFO] 当前自选股: 0 只
[WARN] 无历史快照，将当前列表作为基线
[INFO] 下次检测: 14:59:58

[14:59:59] 执行检测...
[INFO] 当前自选股: 0 只
[WARN] 无历史快照，将当前列表作为基线
[INFO] 下次检测: 15:04:59

[15:05:00] 执行检测...
[INFO] 当前自选股: 0 只
[WARN] 无历史快照，将当前列表作为基线
[INFO] 下次检测: 15:10:00

[15:10:01] 执行检测...
[INFO] 当前自选股: 0 只
[WARN] 无历史快照，将当前列表作为基线
[INFO] 下次检测: 15:15:01

[15:15:02] 执行检测...
[INFO] 当前自选股: 0 只
[WARN] 无历史快照，将当前列表作为基线
[INFO] 下次检测: 15:20:02

[15:20:02] 执行检测...
[INFO] 当前自选股: 0 只
[WARN] 无历史快照，将当前列表作为基线
[INFO] 下次检测: 15:25:02

[15:25:04] 执行检测...
[INFO] 当前自选股: 0 只
[WARN] 无历史快照，将当前列表作为基线
[INFO] 下次检测: 15:30:04

[15:30:04] 执行检测...
[INFO] 当前自选股: 0 只
[WARN] 无历史快照，将当前列表作为基线
[INFO] 下次检测: 15:35:04

[15:35:05] 执行检测...
[INFO] 当前自选股: 0 只
[WARN] 无历史快照，将当前列表作为基线
[INFO] 下次检测: 15:40:05

[15:40:05] 执行检测...
[INFO] 当前自选股: 0 只
[WARN] 无历史快照，将当前列表作为基线
[INFO] 下次检测: 15:45:05

[15:45:06] 执行检测...
[INFO] 当前自选股: 0 只
[WARN] 无历史快照，将当前列表作为基线
[INFO] 下次检测: 15:50:06

[15:50:07] 执行检测...
[INFO] 当前自选股: 0 只
[WARN] 无历史快照，将当前列表作为基线
[INFO] 下次检测: 15:55:07

[15:55:08] 执行检测...
[INFO] 当前自选股: 0 只
[WARN] 无历史快照，将当前列表作为基线
[INFO] 下次执行将超出 16:00，退出
[INFO] 持续运行模式已退出
